Copyright 1986-2016 Xilinx, Inc. All Rights Reserved.
------------------------------------------------------------------------------------
| Tool Version : Vivado v.2016.3 (win64) Build 1682563 Mon Oct 10 19:07:27 MDT 2016
| Date         : Wed Mar 07 16:47:56 2018
| Host         : SKOTG running 64-bit Service Pack 1  (build 7601)
| Command      : report_control_sets -verbose -file Top_control_sets_placed.rpt
| Design       : Top
| Device       : xc7a35t
------------------------------------------------------------------------------------

Control Set Information

Table of Contents
-----------------
1. Summary
2. Flip-Flop Distribution
3. Detailed Control Set Information

1. Summary
----------

+----------------------------------------------------------+-------+
|                          Status                          | Count |
+----------------------------------------------------------+-------+
| Number of unique control sets                            |    13 |
| Unused register locations in slices containing registers |    52 |
+----------------------------------------------------------+-------+


2. Flip-Flop Distribution
-------------------------

+--------------+-----------------------+------------------------+-----------------+--------------+
| Clock Enable | Synchronous Set/Reset | Asynchronous Set/Reset | Total Registers | Total Slices |
+--------------+-----------------------+------------------------+-----------------+--------------+
| No           | No                    | No                     |             244 |           86 |
| No           | No                    | Yes                    |               0 |            0 |
| No           | Yes                   | No                     |               0 |            0 |
| Yes          | No                    | No                     |              48 |           21 |
| Yes          | No                    | Yes                    |               0 |            0 |
| Yes          | Yes                   | No                     |               0 |            0 |
+--------------+-----------------------+------------------------+-----------------+--------------+


3. Detailed Control Set Information
-----------------------------------

+------------------------------+-----------------------------------------+------------------+------------------+----------------+
|         Clock Signal         |              Enable Signal              | Set/Reset Signal | Slice Load Count | Bel Load Count |
+------------------------------+-----------------------------------------+------------------+------------------+----------------+
|  not_so_slow/slowclk/clk_out | MyGame/CE0                              |                  |                2 |              4 |
|  not_so_slow/slowclk/clk_out | MyGame/CE0_11                           |                  |                2 |              4 |
|  not_so_slow/slowclk/clk_out | MyGame/CE0_16                           |                  |                2 |              4 |
|  not_so_slow/slowclk/clk_out | MyGame/CE0_20                           |                  |                1 |              4 |
|  not_so_slow/slowclk/clk_out | MyGame/CE0_24                           |                  |                2 |              4 |
|  not_so_slow/slowclk/clk_out | MyGame/CE0_32                           |                  |                2 |              4 |
|  not_so_slow/slowclk/clk_out | MyGame/CE0_25                           |                  |                2 |              4 |
|  not_so_slow/slowclk/clk_out | MyGame/CE0_29                           |                  |                1 |              4 |
|  not_so_slow/slowclk/clk_out | not_so_slow/slowclk/XLXI_38/I_36_31_n_0 |                  |                2 |              4 |
|  not_so_slow/slowclk/clk_out | not_so_slow/slowclk/XLXI_39/CEO         |                  |                2 |              4 |
|  not_so_slow/slowclk/clk_out | not_so_slow/slowclk/XLXI_40/CEO         |                  |                2 |              4 |
|  not_so_slow/slowclk/clk_out | not_so_slow/slowclk/XLXI_45/CEO         |                  |                1 |              4 |
|  not_so_slow/slowclk/clk_out |                                         |                  |               86 |            244 |
+------------------------------+-----------------------------------------+------------------+------------------+----------------+


+--------+-----------------------+
| Fanout | Number of ControlSets |
+--------+-----------------------+
| 4      |                    12 |
| 16+    |                     1 |
+--------+-----------------------+


